------------------------------------------------------------
TimeQuest Timing Analyzer Summary
------------------------------------------------------------

Type  : Slow 1200mV 85C Model Setup 'inst|altpll_component|auto_generated|pll1|clk[0]'
Slack : -5.704
TNS   : -24.771

Type  : Slow 1200mV 85C Model Setup 'VGA_SYNC:inst1|vert_sync_out'
Slack : -1.339
TNS   : -12.915

Type  : Slow 1200mV 85C Model Setup 'MOUSE:inst2|MOUSE_CLK_FILTER'
Slack : -1.273
TNS   : -35.522

Type  : Slow 1200mV 85C Model Hold 'inst|altpll_component|auto_generated|pll1|clk[0]'
Slack : -0.182
TNS   : -0.182

Type  : Slow 1200mV 85C Model Hold 'MOUSE:inst2|MOUSE_CLK_FILTER'
Slack : -0.151
TNS   : -0.156

Type  : Slow 1200mV 85C Model Hold 'VGA_SYNC:inst1|vert_sync_out'
Slack : 0.431
TNS   : 0.000

Type  : Slow 1200mV 85C Model Recovery 'MOUSE:inst2|MOUSE_CLK_FILTER'
Slack : 0.037
TNS   : 0.000

Type  : Slow 1200mV 85C Model Removal 'MOUSE:inst2|MOUSE_CLK_FILTER'
Slack : -0.028
TNS   : -0.250

Type  : Slow 1200mV 85C Model Minimum Pulse Width 'MOUSE:inst2|MOUSE_CLK_FILTER'
Slack : -1.000
TNS   : -35.000

Type  : Slow 1200mV 85C Model Minimum Pulse Width 'VGA_SYNC:inst1|vert_sync_out'
Slack : -1.000
TNS   : -13.000

Type  : Slow 1200mV 85C Model Minimum Pulse Width 'clk'
Slack : 9.825
TNS   : 0.000

Type  : Slow 1200mV 85C Model Minimum Pulse Width 'inst|altpll_component|auto_generated|pll1|clk[0]'
Slack : 19.735
TNS   : 0.000

Type  : Slow 1200mV 0C Model Setup 'inst|altpll_component|auto_generated|pll1|clk[0]'
Slack : -4.887
TNS   : -20.794

Type  : Slow 1200mV 0C Model Setup 'VGA_SYNC:inst1|vert_sync_out'
Slack : -1.076
TNS   : -10.147

Type  : Slow 1200mV 0C Model Setup 'MOUSE:inst2|MOUSE_CLK_FILTER'
Slack : -1.064
TNS   : -28.803

Type  : Slow 1200mV 0C Model Hold 'inst|altpll_component|auto_generated|pll1|clk[0]'
Slack : -0.287
TNS   : -0.287

Type  : Slow 1200mV 0C Model Hold 'MOUSE:inst2|MOUSE_CLK_FILTER'
Slack : 0.079
TNS   : 0.000

Type  : Slow 1200mV 0C Model Hold 'VGA_SYNC:inst1|vert_sync_out'
Slack : 0.371
TNS   : 0.000

Type  : Slow 1200mV 0C Model Recovery 'MOUSE:inst2|MOUSE_CLK_FILTER'
Slack : -0.063
TNS   : -0.868

Type  : Slow 1200mV 0C Model Removal 'MOUSE:inst2|MOUSE_CLK_FILTER'
Slack : 0.185
TNS   : 0.000

Type  : Slow 1200mV 0C Model Minimum Pulse Width 'MOUSE:inst2|MOUSE_CLK_FILTER'
Slack : -1.000
TNS   : -35.000

Type  : Slow 1200mV 0C Model Minimum Pulse Width 'VGA_SYNC:inst1|vert_sync_out'
Slack : -1.000
TNS   : -13.000

Type  : Slow 1200mV 0C Model Minimum Pulse Width 'clk'
Slack : 9.785
TNS   : 0.000

Type  : Slow 1200mV 0C Model Minimum Pulse Width 'inst|altpll_component|auto_generated|pll1|clk[0]'
Slack : 19.741
TNS   : 0.000

Type  : Fast 1200mV 0C Model Setup 'inst|altpll_component|auto_generated|pll1|clk[0]'
Slack : -2.785
TNS   : -12.275

Type  : Fast 1200mV 0C Model Setup 'VGA_SYNC:inst1|vert_sync_out'
Slack : -0.473
TNS   : -2.292

Type  : Fast 1200mV 0C Model Setup 'MOUSE:inst2|MOUSE_CLK_FILTER'
Slack : -0.247
TNS   : -4.031

Type  : Fast 1200mV 0C Model Hold 'inst|altpll_component|auto_generated|pll1|clk[0]'
Slack : -0.134
TNS   : -0.134

Type  : Fast 1200mV 0C Model Hold 'MOUSE:inst2|MOUSE_CLK_FILTER'
Slack : -0.024
TNS   : -0.024

Type  : Fast 1200mV 0C Model Hold 'VGA_SYNC:inst1|vert_sync_out'
Slack : 0.215
TNS   : 0.000

Type  : Fast 1200mV 0C Model Recovery 'MOUSE:inst2|MOUSE_CLK_FILTER'
Slack : 0.218
TNS   : 0.000

Type  : Fast 1200mV 0C Model Removal 'MOUSE:inst2|MOUSE_CLK_FILTER'
Slack : 0.061
TNS   : 0.000

Type  : Fast 1200mV 0C Model Minimum Pulse Width 'MOUSE:inst2|MOUSE_CLK_FILTER'
Slack : -1.000
TNS   : -35.000

Type  : Fast 1200mV 0C Model Minimum Pulse Width 'VGA_SYNC:inst1|vert_sync_out'
Slack : -1.000
TNS   : -13.000

Type  : Fast 1200mV 0C Model Minimum Pulse Width 'clk'
Slack : 9.585
TNS   : 0.000

Type  : Fast 1200mV 0C Model Minimum Pulse Width 'inst|altpll_component|auto_generated|pll1|clk[0]'
Slack : 19.746
TNS   : 0.000

------------------------------------------------------------
