------------------------------------------------------------
TimeQuest Timing Analyzer Summary
------------------------------------------------------------

Type  : Slow 1200mV 85C Model Setup 'inst|altpll_component|auto_generated|pll1|clk[0]'
Slack : -8.136
TNS   : -693.100

Type  : Slow 1200mV 85C Model Setup 'sw0'
Slack : -4.007
TNS   : -33.361

Type  : Slow 1200mV 85C Model Setup 'VGA_SYNC:inst1|vert_sync_out'
Slack : -2.257
TNS   : -26.229

Type  : Slow 1200mV 85C Model Setup 'clk_div:inst14|Clk1hz_temp'
Slack : -1.805
TNS   : -20.378

Type  : Slow 1200mV 85C Model Setup 'MOUSE:inst2|MOUSE_CLK_FILTER'
Slack : -1.465
TNS   : -38.826

Type  : Slow 1200mV 85C Model Hold 'sw0'
Slack : -1.548
TNS   : -4.426

Type  : Slow 1200mV 85C Model Hold 'inst|altpll_component|auto_generated|pll1|clk[0]'
Slack : -0.183
TNS   : -0.357

Type  : Slow 1200mV 85C Model Hold 'MOUSE:inst2|MOUSE_CLK_FILTER'
Slack : 0.039
TNS   : 0.000

Type  : Slow 1200mV 85C Model Hold 'clk_div:inst14|Clk1hz_temp'
Slack : 0.167
TNS   : 0.000

Type  : Slow 1200mV 85C Model Hold 'VGA_SYNC:inst1|vert_sync_out'
Slack : 0.595
TNS   : 0.000

Type  : Slow 1200mV 85C Model Recovery 'inst|altpll_component|auto_generated|pll1|clk[0]'
Slack : -3.317
TNS   : -93.893

Type  : Slow 1200mV 85C Model Recovery 'VGA_SYNC:inst1|vert_sync_out'
Slack : -0.972
TNS   : -9.570

Type  : Slow 1200mV 85C Model Recovery 'MOUSE:inst2|MOUSE_CLK_FILTER'
Slack : -0.159
TNS   : -2.094

Type  : Slow 1200mV 85C Model Removal 'MOUSE:inst2|MOUSE_CLK_FILTER'
Slack : 0.084
TNS   : 0.000

Type  : Slow 1200mV 85C Model Removal 'VGA_SYNC:inst1|vert_sync_out'
Slack : 0.826
TNS   : 0.000

Type  : Slow 1200mV 85C Model Removal 'inst|altpll_component|auto_generated|pll1|clk[0]'
Slack : 2.971
TNS   : 0.000

Type  : Slow 1200mV 85C Model Minimum Pulse Width 'sw0'
Slack : -3.000
TNS   : -3.000

Type  : Slow 1200mV 85C Model Minimum Pulse Width 'MOUSE:inst2|MOUSE_CLK_FILTER'
Slack : -1.000
TNS   : -35.000

Type  : Slow 1200mV 85C Model Minimum Pulse Width 'clk_div:inst14|Clk1hz_temp'
Slack : -1.000
TNS   : -16.000

Type  : Slow 1200mV 85C Model Minimum Pulse Width 'VGA_SYNC:inst1|vert_sync_out'
Slack : -1.000
TNS   : -13.000

Type  : Slow 1200mV 85C Model Minimum Pulse Width 'clk'
Slack : 9.825
TNS   : 0.000

Type  : Slow 1200mV 85C Model Minimum Pulse Width 'inst|altpll_component|auto_generated|pll1|clk[0]'
Slack : 19.736
TNS   : 0.000

Type  : Slow 1200mV 0C Model Setup 'inst|altpll_component|auto_generated|pll1|clk[0]'
Slack : -7.172
TNS   : -609.731

Type  : Slow 1200mV 0C Model Setup 'sw0'
Slack : -3.513
TNS   : -27.805

Type  : Slow 1200mV 0C Model Setup 'VGA_SYNC:inst1|vert_sync_out'
Slack : -2.037
TNS   : -23.480

Type  : Slow 1200mV 0C Model Setup 'clk_div:inst14|Clk1hz_temp'
Slack : -1.495
TNS   : -16.657

Type  : Slow 1200mV 0C Model Setup 'MOUSE:inst2|MOUSE_CLK_FILTER'
Slack : -1.192
TNS   : -31.886

Type  : Slow 1200mV 0C Model Hold 'sw0'
Slack : -1.402
TNS   : -3.938

Type  : Slow 1200mV 0C Model Hold 'inst|altpll_component|auto_generated|pll1|clk[0]'
Slack : -0.289
TNS   : -0.569

Type  : Slow 1200mV 0C Model Hold 'MOUSE:inst2|MOUSE_CLK_FILTER'
Slack : 0.266
TNS   : 0.000

Type  : Slow 1200mV 0C Model Hold 'clk_div:inst14|Clk1hz_temp'
Slack : 0.269
TNS   : 0.000

Type  : Slow 1200mV 0C Model Hold 'VGA_SYNC:inst1|vert_sync_out'
Slack : 0.661
TNS   : 0.000

Type  : Slow 1200mV 0C Model Recovery 'inst|altpll_component|auto_generated|pll1|clk[0]'
Slack : -2.895
TNS   : -81.788

Type  : Slow 1200mV 0C Model Recovery 'VGA_SYNC:inst1|vert_sync_out'
Slack : -0.915
TNS   : -8.988

Type  : Slow 1200mV 0C Model Recovery 'MOUSE:inst2|MOUSE_CLK_FILTER'
Slack : -0.234
TNS   : -3.378

Type  : Slow 1200mV 0C Model Removal 'MOUSE:inst2|MOUSE_CLK_FILTER'
Slack : 0.287
TNS   : 0.000

Type  : Slow 1200mV 0C Model Removal 'VGA_SYNC:inst1|vert_sync_out'
Slack : 0.859
TNS   : 0.000

Type  : Slow 1200mV 0C Model Removal 'inst|altpll_component|auto_generated|pll1|clk[0]'
Slack : 2.673
TNS   : 0.000

Type  : Slow 1200mV 0C Model Minimum Pulse Width 'sw0'
Slack : -3.000
TNS   : -3.000

Type  : Slow 1200mV 0C Model Minimum Pulse Width 'MOUSE:inst2|MOUSE_CLK_FILTER'
Slack : -1.000
TNS   : -35.000

Type  : Slow 1200mV 0C Model Minimum Pulse Width 'clk_div:inst14|Clk1hz_temp'
Slack : -1.000
TNS   : -16.000

Type  : Slow 1200mV 0C Model Minimum Pulse Width 'VGA_SYNC:inst1|vert_sync_out'
Slack : -1.000
TNS   : -13.000

Type  : Slow 1200mV 0C Model Minimum Pulse Width 'clk'
Slack : 9.785
TNS   : 0.000

Type  : Slow 1200mV 0C Model Minimum Pulse Width 'inst|altpll_component|auto_generated|pll1|clk[0]'
Slack : 19.740
TNS   : 0.000

Type  : Fast 1200mV 0C Model Setup 'inst|altpll_component|auto_generated|pll1|clk[0]'
Slack : -4.352
TNS   : -361.900

Type  : Fast 1200mV 0C Model Setup 'sw0'
Slack : -1.899
TNS   : -14.440

Type  : Fast 1200mV 0C Model Setup 'VGA_SYNC:inst1|vert_sync_out'
Slack : -1.053
TNS   : -10.773

Type  : Fast 1200mV 0C Model Setup 'clk_div:inst14|Clk1hz_temp'
Slack : -0.655
TNS   : -5.141

Type  : Fast 1200mV 0C Model Setup 'MOUSE:inst2|MOUSE_CLK_FILTER'
Slack : -0.380
TNS   : -5.603

Type  : Fast 1200mV 0C Model Hold 'sw0'
Slack : -0.957
TNS   : -3.255

Type  : Fast 1200mV 0C Model Hold 'inst|altpll_component|auto_generated|pll1|clk[0]'
Slack : -0.135
TNS   : -0.260

Type  : Fast 1200mV 0C Model Hold 'clk_div:inst14|Clk1hz_temp'
Slack : -0.103
TNS   : -0.688

Type  : Fast 1200mV 0C Model Hold 'MOUSE:inst2|MOUSE_CLK_FILTER'
Slack : 0.085
TNS   : 0.000

Type  : Fast 1200mV 0C Model Hold 'VGA_SYNC:inst1|vert_sync_out'
Slack : 0.416
TNS   : 0.000

Type  : Fast 1200mV 0C Model Recovery 'inst|altpll_component|auto_generated|pll1|clk[0]'
Slack : -1.480
TNS   : -41.220

Type  : Fast 1200mV 0C Model Recovery 'VGA_SYNC:inst1|vert_sync_out'
Slack : -0.674
TNS   : -6.632

Type  : Fast 1200mV 0C Model Recovery 'MOUSE:inst2|MOUSE_CLK_FILTER'
Slack : 0.103
TNS   : 0.000

Type  : Fast 1200mV 0C Model Removal 'MOUSE:inst2|MOUSE_CLK_FILTER'
Slack : 0.124
TNS   : 0.000

Type  : Fast 1200mV 0C Model Removal 'VGA_SYNC:inst1|vert_sync_out'
Slack : 0.383
TNS   : 0.000

Type  : Fast 1200mV 0C Model Removal 'inst|altpll_component|auto_generated|pll1|clk[0]'
Slack : 1.610
TNS   : 0.000

Type  : Fast 1200mV 0C Model Minimum Pulse Width 'sw0'
Slack : -3.000
TNS   : -3.069

Type  : Fast 1200mV 0C Model Minimum Pulse Width 'MOUSE:inst2|MOUSE_CLK_FILTER'
Slack : -1.000
TNS   : -35.000

Type  : Fast 1200mV 0C Model Minimum Pulse Width 'clk_div:inst14|Clk1hz_temp'
Slack : -1.000
TNS   : -16.000

Type  : Fast 1200mV 0C Model Minimum Pulse Width 'VGA_SYNC:inst1|vert_sync_out'
Slack : -1.000
TNS   : -13.000

Type  : Fast 1200mV 0C Model Minimum Pulse Width 'clk'
Slack : 9.585
TNS   : 0.000

Type  : Fast 1200mV 0C Model Minimum Pulse Width 'inst|altpll_component|auto_generated|pll1|clk[0]'
Slack : 19.746
TNS   : 0.000

------------------------------------------------------------
